0x000100B3
0x403202B3
0x01C3C333
0x01FF6EB3
0x01249433
0x015A59B3
0x418BDB33
0x01BD2CB3
0x0085B533
0x02D605B3
0x03079733
0x021048B3
0x025261B3
0xFEC38313
0x00A4C413
0x00A66593
0x00C77693
0x00181793
0x00295893
0x401A5993
0x002B2A93
0x004C3B93
0x003D0C83
0x000E1D83
0x002F2E83
0x00914F83
0x0023D303
0x000380E7
0x00000073
0x00A10023
0x00A11123
0x00A12223
0x00B50263
0x00C59463
0x00D64663
0xFEF756E3
0x0124E863
0x015A7563
0x1A448F37
0xAF276597
0xF9DFF6EF
0xFE008EE3
0xFE011CE3
0x01E00093
0x00058493
0xFEDFF06F
0x00008067
0xF69FF0EF
0x000080E7
0x00000497
0xF604A483
0xF4B50CE3
0xF6C596E3
0xF4D648E3
0xF6F752E3
0xF524E4E3
0xF55A7EE3
