0x0056E633
0x00030067
0x0083A3B3
0x0007BE37
0x00040283
0xFEDFF0EF
0xABC3EE13
